2026-07-21 18:46:15.892 - RealTimeSTT: realtimestt - INFO - Starting RealTimeSTT
2026-07-21 18:46:15.916 - RealTimeSTT: realtimestt - INFO - Initializing audio recording (creating pyAudio input stream, sample rate: 16000 buffer size: 512
2026-07-21 18:46:15.922 - RealTimeSTT: realtimestt - INFO - Initializing WebRTC voice with Sensitivity 3
2026-07-21 18:46:15.923 - RealTimeSTT: realtimestt - DEBUG - WebRTC VAD voice activity detection engine initialized successfully
2026-07-21 18:46:15.923 - RealTimeSTT: realtimestt - DEBUG - Silero VAD auto backend raw_onnx_ifless unavailable
Traceback (most recent call last):
  File "C:\Users\Emanuel\Downloads\_Python\.venv\Lib\site-packages\RealtimeSTT\core\silero_vad.py", line 176, in _create_auto_vad
    return _create_raw_onnx_vad(
           ^^^^^^^^^^^^^^^^^^^^^
  File "C:\Users\Emanuel\Downloads\_Python\.venv\Lib\site-packages\RealtimeSTT\core\silero_vad.py", line 225, in _create_raw_onnx_vad
    raise SileroVadError(
RealtimeSTT.core.silero_vad.SileroVadError: Could not find silero_vad_op18_ifless.onnx in the installed silero_vad package or the local torch hub cache. Install 'silero-vad' or pass silero_onnx_model_path.
2026-07-21 18:46:15.925 - RealTimeSTT: realtimestt - DEBUG - Silero VAD auto backend raw_onnx unavailable
Traceback (most recent call last):
  File "C:\Users\Emanuel\Downloads\_Python\.venv\Lib\site-packages\RealtimeSTT\core\silero_vad.py", line 176, in _create_auto_vad
    return _create_raw_onnx_vad(
           ^^^^^^^^^^^^^^^^^^^^^
  File "C:\Users\Emanuel\Downloads\_Python\.venv\Lib\site-packages\RealtimeSTT\core\silero_vad.py", line 225, in _create_raw_onnx_vad
    raise SileroVadError(
RealtimeSTT.core.silero_vad.SileroVadError: Could not find silero_vad.onnx in the installed silero_vad package or the local torch hub cache. Install 'silero-vad' or pass silero_onnx_model_path.
2026-07-21 18:46:24.237 - RealTimeSTT: realtimestt - DEBUG - Silero VAD voice activity detection engine initialized successfully with backend pytorch_cpu
2026-07-21 18:46:24.378 - RealTimeSTT: realtimestt - WARNING - Audio queue size exceeds latency limit. Current size: 131. Discarding old audio chunks.
2026-07-21 18:46:24.378 - RealTimeSTT: realtimestt - DEBUG - Starting realtime worker
2026-07-21 18:46:24.378 - RealTimeSTT: realtimestt - DEBUG - Waiting for main transcription model to start
2026-07-21 18:46:24.379 - RealTimeSTT: realtimestt - DEBUG - Realtime transcription disabled; realtime worker exits
2026-07-21 18:46:29.893 - RealTimeSTT: realtimestt - DEBUG - Main transcription model ready
2026-07-21 18:46:29.893 - RealTimeSTT: realtimestt - DEBUG - RealtimeSTT initialization completed successfully
2026-07-21 18:46:29.894 - RealTimeSTT: realtimestt - INFO - Setting listen time
2026-07-21 18:46:29.894 - RealTimeSTT: realtimestt - INFO - State changed from 'inactive' to 'listening'
2026-07-21 18:46:29.901 - RealTimeSTT: realtimestt - DEBUG - Waiting for recording start
2026-07-21 18:46:59.887 - RealTimeSTT: realtimestt - INFO - KeyboardInterrupt in wait_audio, shutting down
2026-07-21 18:46:59.887 - RealTimeSTT: realtimestt - DEBUG - Finishing recording thread
2026-07-21 18:46:59.902 - RealTimeSTT: realtimestt - DEBUG - Terminating reader process
2026-07-21 18:47:00.533 - RealTimeSTT: realtimestt - DEBUG - Terminating transcription process
2026-07-21 18:47:00.604 - RealTimeSTT: realtimestt - DEBUG - Finishing realtime thread
2026-07-21 18:47:00.682 - RealTimeSTT: realtimestt - INFO - KeyboardInterrupt in text() method
